Archive member included to satisfy reference by file (symbol)

c:/program files (x86)/gnu_tools_arm_embedded/6_2017-q2-update/bin/../lib/gcc/arm-none-eabi/6.3.1/../../../../arm-none-eabi/lib/thumb/v7e-m\libm.a(lib_a-w_pow.o)
                              ..\obj\main.o (pow)
c:/program files (x86)/gnu_tools_arm_embedded/6_2017-q2-update/bin/../lib/gcc/arm-none-eabi/6.3.1/../../../../arm-none-eabi/lib/thumb/v7e-m\libm.a(lib_a-e_pow.o)
                              c:/program files (x86)/gnu_tools_arm_embedded/6_2017-q2-update/bin/../lib/gcc/arm-none-eabi/6.3.1/../../../../arm-none-eabi/lib/thumb/v7e-m\libm.a(lib_a-w_pow.o) (__ieee754_pow)
c:/program files (x86)/gnu_tools_arm_embedded/6_2017-q2-update/bin/../lib/gcc/arm-none-eabi/6.3.1/../../../../arm-none-eabi/lib/thumb/v7e-m\libm.a(lib_a-e_sqrt.o)
                              c:/program files (x86)/gnu_tools_arm_embedded/6_2017-q2-update/bin/../lib/gcc/arm-none-eabi/6.3.1/../../../../arm-none-eabi/lib/thumb/v7e-m\libm.a(lib_a-e_pow.o) (__ieee754_sqrt)
c:/program files (x86)/gnu_tools_arm_embedded/6_2017-q2-update/bin/../lib/gcc/arm-none-eabi/6.3.1/../../../../arm-none-eabi/lib/thumb/v7e-m\libm.a(lib_a-s_fabs.o)
                              c:/program files (x86)/gnu_tools_arm_embedded/6_2017-q2-update/bin/../lib/gcc/arm-none-eabi/6.3.1/../../../../arm-none-eabi/lib/thumb/v7e-m\libm.a(lib_a-e_pow.o) (fabs)
c:/program files (x86)/gnu_tools_arm_embedded/6_2017-q2-update/bin/../lib/gcc/arm-none-eabi/6.3.1/../../../../arm-none-eabi/lib/thumb/v7e-m\libm.a(lib_a-s_finite.o)
                              c:/program files (x86)/gnu_tools_arm_embedded/6_2017-q2-update/bin/../lib/gcc/arm-none-eabi/6.3.1/../../../../arm-none-eabi/lib/thumb/v7e-m\libm.a(lib_a-w_pow.o) (finite)
c:/program files (x86)/gnu_tools_arm_embedded/6_2017-q2-update/bin/../lib/gcc/arm-none-eabi/6.3.1/../../../../arm-none-eabi/lib/thumb/v7e-m\libm.a(lib_a-s_lib_ver.o)
                              c:/program files (x86)/gnu_tools_arm_embedded/6_2017-q2-update/bin/../lib/gcc/arm-none-eabi/6.3.1/../../../../arm-none-eabi/lib/thumb/v7e-m\libm.a(lib_a-w_pow.o) (__fdlib_version)
c:/program files (x86)/gnu_tools_arm_embedded/6_2017-q2-update/bin/../lib/gcc/arm-none-eabi/6.3.1/../../../../arm-none-eabi/lib/thumb/v7e-m\libm.a(lib_a-s_matherr.o)
                              c:/program files (x86)/gnu_tools_arm_embedded/6_2017-q2-update/bin/../lib/gcc/arm-none-eabi/6.3.1/../../../../arm-none-eabi/lib/thumb/v7e-m\libm.a(lib_a-w_pow.o) (matherr)
c:/program files (x86)/gnu_tools_arm_embedded/6_2017-q2-update/bin/../lib/gcc/arm-none-eabi/6.3.1/../../../../arm-none-eabi/lib/thumb/v7e-m\libm.a(lib_a-s_nan.o)
                              c:/program files (x86)/gnu_tools_arm_embedded/6_2017-q2-update/bin/../lib/gcc/arm-none-eabi/6.3.1/../../../../arm-none-eabi/lib/thumb/v7e-m\libm.a(lib_a-e_pow.o) (nan)
c:/program files (x86)/gnu_tools_arm_embedded/6_2017-q2-update/bin/../lib/gcc/arm-none-eabi/6.3.1/../../../../arm-none-eabi/lib/thumb/v7e-m\libm.a(lib_a-s_rint.o)
                              c:/program files (x86)/gnu_tools_arm_embedded/6_2017-q2-update/bin/../lib/gcc/arm-none-eabi/6.3.1/../../../../arm-none-eabi/lib/thumb/v7e-m\libm.a(lib_a-w_pow.o) (rint)
c:/program files (x86)/gnu_tools_arm_embedded/6_2017-q2-update/bin/../lib/gcc/arm-none-eabi/6.3.1/../../../../arm-none-eabi/lib/thumb/v7e-m\libm.a(lib_a-s_scalbn.o)
                              c:/program files (x86)/gnu_tools_arm_embedded/6_2017-q2-update/bin/../lib/gcc/arm-none-eabi/6.3.1/../../../../arm-none-eabi/lib/thumb/v7e-m\libm.a(lib_a-e_pow.o) (scalbn)
c:/program files (x86)/gnu_tools_arm_embedded/6_2017-q2-update/bin/../lib/gcc/arm-none-eabi/6.3.1/../../../../arm-none-eabi/lib/thumb/v7e-m\libm.a(lib_a-s_copysign.o)
                              c:/program files (x86)/gnu_tools_arm_embedded/6_2017-q2-update/bin/../lib/gcc/arm-none-eabi/6.3.1/../../../../arm-none-eabi/lib/thumb/v7e-m\libm.a(lib_a-s_scalbn.o) (copysign)
c:/program files (x86)/gnu_tools_arm_embedded/6_2017-q2-update/bin/../lib/gcc/arm-none-eabi/6.3.1/thumb/v7e-m\libgcc.a(_arm_addsubdf3.o)
                              ..\obj\main.o (__aeabi_dsub)
c:/program files (x86)/gnu_tools_arm_embedded/6_2017-q2-update/bin/../lib/gcc/arm-none-eabi/6.3.1/thumb/v7e-m\libgcc.a(_arm_muldivdf3.o)
                              ..\obj\main.o (__aeabi_dmul)
c:/program files (x86)/gnu_tools_arm_embedded/6_2017-q2-update/bin/../lib/gcc/arm-none-eabi/6.3.1/thumb/v7e-m\libgcc.a(_arm_cmpdf2.o)
                              ..\obj\matrix.o (__aeabi_dcmpeq)
c:/program files (x86)/gnu_tools_arm_embedded/6_2017-q2-update/bin/../lib/gcc/arm-none-eabi/6.3.1/thumb/v7e-m\libgcc.a(_arm_unorddf2.o)
                              c:/program files (x86)/gnu_tools_arm_embedded/6_2017-q2-update/bin/../lib/gcc/arm-none-eabi/6.3.1/../../../../arm-none-eabi/lib/thumb/v7e-m\libm.a(lib_a-w_pow.o) (__aeabi_dcmpun)
[...]
Memory Configuration

Name             Origin             Length             Attributes
rom              0x08000000         0x00100000         xr
ram              0x20000000         0x00020000         xrw
ram1             0x10000000         0x00010000         xrw
*default*        0x00000000         0xffffffff

Linker script and memory map

                0x20020000                _eram = 0x20020000

.text           0x08000000     0x5098
 *(.isr_vector)
 .isr_vector    0x08000000      0x188 ..\obj\startup_stm32f4xx.o
                0x08000000                g_pfnVectors
 *(.text*)
 .text.SYSCFG_EXTILineConfig
                0x08000188       0x84 ..\obj\stm32f4xx_syscfg.o
                0x08000188                SYSCFG_EXTILineConfig
 .text.USART_Init
                0x0800020c      0x174 ..\obj\stm32f4xx_usart.o
                0x0800020c                USART_Init
 .text.USART_Cmd
                0x08000380       0x3e ..\obj\stm32f4xx_usart.o
                0x08000380                USART_Cmd
 .text.USART_SendData
                0x080003be       0x22 ..\obj\stm32f4xx_usart.o
                0x080003be                USART_SendData
 .text.Default_Reset_Handler
                0x080003e0       0x5c ..\obj\startup_stm32f4xx.o
                0x080003e0                Default_Reset_Handler
                0x080003e0                Reset_Handler
 .text.Default_Handler
                0x0800043c        0x6 ..\obj\startup_stm32f4xx.o
                0x0800043c                RTC_Alarm_IRQHandler
                0x0800043c                HASH_RNG_IRQHandler
                0x0800043c                EXTI2_IRQHandler
                0x0800043c                TIM8_CC_IRQHandler
                0x0800043c                DebugMon_Handler
                0x0800043c                TIM1_CC_IRQHandler
                0x0800043c                DMA2_Stream5_IRQHandler
                0x0800043c                HardFault_Handler
                0x0800043c                DMA1_Stream5_IRQHandler
                0x0800043c                SysTick_Handler
                0x0800043c                PVD_IRQHandler
                0x0800043c                SDIO_IRQHandler
                0x0800043c                TAMP_STAMP_IRQHandler
                0x0800043c                PendSV_Handler
                0x0800043c                NMI_Handler
                0x0800043c                CAN2_RX1_IRQHandler
                0x0800043c                EXTI3_IRQHandler
                0x0800043c                TIM8_TRG_COM_TIM14_IRQHandler
                0x0800043c                TIM1_UP_TIM10_IRQHandler
                0x0800043c                TIM8_UP_TIM13_IRQHandler
                0x0800043c                I2C3_ER_IRQHandler
                0x0800043c                I2C2_EV_IRQHandler
                0x0800043c                DMA1_Stream2_IRQHandler
                0x0800043c                CAN1_RX0_IRQHandler
                0x0800043c                FPU_IRQHandler
                0x0800043c                OTG_HS_WKUP_IRQHandler
                0x0800043c                UsageFault_Handler
                0x0800043c                CAN2_SCE_IRQHandler
                0x0800043c                DMA2_Stream2_IRQHandler
                0x0800043c                SPI1_IRQHandler
                0x0800043c                TIM6_DAC_IRQHandler
                0x0800043c                TIM1_BRK_TIM9_IRQHandler
                0x0800043c                DCMI_IRQHandler
                0x0800043c                CAN2_RX0_IRQHandler
                0x0800043c                DMA2_Stream3_IRQHandler
                0x0800043c                USART6_IRQHandler
                0x0800043c                USART3_IRQHandler
                0x0800043c                CRYP_IRQHandler
                0x0800043c                CAN1_RX1_IRQHandler
                0x0800043c                UART5_IRQHandler
                0x0800043c                DMA2_Stream0_IRQHandler
                0x0800043c                TIM4_IRQHandler
                0x0800043c                I2C1_EV_IRQHandler
                0x0800043c                DMA1_Stream6_IRQHandler
                0x0800043c                DMA1_Stream1_IRQHandler
                0x0800043c                UART4_IRQHandler
                0x0800043c                TIM3_IRQHandler
                0x0800043c                RCC_IRQHandler
                0x0800043c                TIM8_BRK_TIM12_IRQHandler
                0x0800043c                EXTI15_10_IRQHandler
                0x0800043c                ADC_IRQHandler
                0x0800043c                DMA1_Stream7_IRQHandler
                0x0800043c                TIM7_IRQHandler
                0x0800043c                CAN2_TX_IRQHandler
                0x0800043c                TIM5_IRQHandler
                0x0800043c                DMA2_Stream7_IRQHandler
                0x0800043c                I2C3_EV_IRQHandler
                0x0800043c                EXTI9_5_IRQHandler
                0x0800043c                RTC_WKUP_IRQHandler
                0x0800043c                ETH_WKUP_IRQHandler
                0x0800043c                SPI2_IRQHandler
                0x0800043c                OTG_HS_EP1_IN_IRQHandler
                0x0800043c                MemManage_Handler
                0x0800043c                DMA1_Stream0_IRQHandler
                0x0800043c                CAN1_TX_IRQHandler
                0x0800043c                SVC_Handler
                0x0800043c                EXTI4_IRQHandler
                0x0800043c                FSMC_IRQHandler
                0x0800043c                ETH_IRQHandler
                0x0800043c                OTG_HS_EP1_OUT_IRQHandler
                0x0800043c                WWDG_IRQHandler
                0x0800043c                OTG_FS_WKUP_IRQHandler
                0x0800043c                TIM1_TRG_COM_TIM11_IRQHandler
                0x0800043c                OTG_HS_IRQHandler
                0x0800043c                EXTI1_IRQHandler
                0x0800043c                USART2_IRQHandler
                0x0800043c                I2C2_ER_IRQHandler
                0x0800043c                DMA2_Stream1_IRQHandler
                0x0800043c                CAN1_SCE_IRQHandler
                0x0800043c                FLASH_IRQHandler
                0x0800043c                DMA2_Stream4_IRQHandler
                0x0800043c                BusFault_Handler
                0x0800043c                USART1_IRQHandler
                0x0800043c                OTG_FS_IRQHandler
                0x0800043c                SPI3_IRQHandler
                0x0800043c                DMA1_Stream4_IRQHandler
                0x0800043c                I2C1_ER_IRQHandler
                0x0800043c                DMA2_Stream6_IRQHandler
                0x0800043c                DMA1_Stream3_IRQHandler
 *fill*         0x08000442        0x6 
 .text.main     0x08000448      0x92c ..\obj\main.o
                0x08000448                main
 .text.TIM2_IRQHandler
                0x08000d74       0x3c ..\obj\main.o
                0x08000d74                TIM2_IRQHandler
 .text.EXTI0_IRQHandler
                0x08000db0       0x3c ..\obj\main.o
                0x08000db0                EXTI0_IRQHandler
 .text.BoardLED_Init
                0x08000dec       0x3c ..\obj\FKE.o
                0x08000dec                BoardLED_Init
 .text.Switch_Init
                0x08000e28       0x38 ..\obj\FKE.o
                0x08000e28                Switch_Init
 .text.TIM2_Interrupt_Init
                0x08000e60       0x64 ..\obj\FKE.o
                0x08000e60                TIM2_Interrupt_Init
 .text.TIM2_Interrupt_Disable
                0x08000ec4       0x1e ..\obj\FKE.o
                0x08000ec4                TIM2_Interrupt_Disable
 *fill*         0x08000ee2        0x2 
 .text.ADC1_Init
                0x08000ee4       0x74 ..\obj\FKE.o
                0x08000ee4                ADC1_Init
 .text.PushButton_EXTI_Init
                0x08000f58       0x80 ..\obj\FKE.o
                0x08000f58                PushButton_EXTI_Init
 .text.PushButton_EXTI_Disable
                0x08000fd8       0x2a ..\obj\FKE.o
                0x08000fd8                PushButton_EXTI_Disable
 *fill*         0x08001002        0x2 
 .text.USART1_Init
                0x08001004       0x88 ..\obj\FKE.o
                0x08001004                USART1_Init
 .text.USART_SendString
                0x0800108c       0x46 ..\obj\FKE.o
                0x0800108c                USART_SendString
 .text.reverse  0x080010d2       0x5a ..\obj\FKE.o
                0x080010d2                reverse
 .text.intToStr
                0x0800112c       0x90 ..\obj\FKE.o
                0x0800112c                intToStr
 .text.ftoa     0x080011bc       0xa4 ..\obj\FKE.o
                0x080011bc                ftoa
 .text.RCC_GetClocksFreq
                0x08001260      0x150 ..\obj\stm32f4xx_rcc.o
                0x08001260                RCC_GetClocksFreq
 .text.RCC_AHB1PeriphClockCmd
                0x080013b0       0x3c ..\obj\stm32f4xx_rcc.o
                0x080013b0                RCC_AHB1PeriphClockCmd
 .text.RCC_APB1PeriphClockCmd
                0x080013ec       0x3c ..\obj\stm32f4xx_rcc.o
                0x080013ec                RCC_APB1PeriphClockCmd
 .text.RCC_APB2PeriphClockCmd
                0x08001428       0x3c ..\obj\stm32f4xx_rcc.o
                0x08001428                RCC_APB2PeriphClockCmd
 .text.RCC_APB2PeriphResetCmd
                0x08001464       0x3c ..\obj\stm32f4xx_rcc.o
                0x08001464                RCC_APB2PeriphResetCmd
 .text.ADC_DeInit
                0x080014a0       0x1c ..\obj\stm32f4xx_adc.o
                0x080014a0                ADC_DeInit
 .text.ADC_Init
                0x080014bc       0xa8 ..\obj\stm32f4xx_adc.o
                0x080014bc                ADC_Init
 .text.ADC_Cmd  0x08001564       0x36 ..\obj\stm32f4xx_adc.o
                0x08001564                ADC_Cmd
 .text.ADC_RegularChannelConfig
                0x0800159a      0x192 ..\obj\stm32f4xx_adc.o
                0x0800159a                ADC_RegularChannelConfig
 .text.ADC_SoftwareStartConv
                0x0800172c       0x1e ..\obj\stm32f4xx_adc.o
                0x0800172c                ADC_SoftwareStartConv
 .text.ADC_GetConversionValue
                0x0800174a       0x18 ..\obj\stm32f4xx_adc.o
                0x0800174a                ADC_GetConversionValue
 .text.ADC_GetFlagStatus
                0x08001762       0x32 ..\obj\stm32f4xx_adc.o
                0x08001762                ADC_GetFlagStatus
 .text.PutChar  0x08001794       0x1e ..\obj\printf.o
                0x08001794                PutChar
 .text.PutString
                0x080017b2       0x3a ..\obj\printf.o
                0x080017b2                PutString
 .text.PutUnsignedInt
                0x080017ec       0x9c ..\obj\printf.o
                0x080017ec                PutUnsignedInt
 .text.PutSignedInt
                0x08001888       0xf8 ..\obj\printf.o
                0x08001888                PutSignedInt
 .text.PutHexa  0x08001980       0xd4 ..\obj\printf.o
                0x08001980                PutHexa
 .text.vsnprintf
                0x08001a54      0x254 ..\obj\printf.o
                0x08001a54                vsnprintf
 .text.vsprintf
                0x08001ca8       0x22 ..\obj\printf.o
                0x08001ca8                vsprintf
 .text.sprintf  0x08001cca       0x2c ..\obj\printf.o
                0x08001cca                sprintf
 .text.GPIO_Init
                0x08001cf6      0x11a ..\obj\stm32f4xx_gpio.o
                0x08001cf6                GPIO_Init
 .text.GPIO_WriteBit
                0x08001e10       0x2e ..\obj\stm32f4xx_gpio.o
                0x08001e10                GPIO_WriteBit
 .text.GPIO_ToggleBits
                0x08001e3e       0x22 ..\obj\stm32f4xx_gpio.o
                0x08001e3e                GPIO_ToggleBits
 .text.GPIO_PinAFConfig
                0x08001e60       0x90 ..\obj\stm32f4xx_gpio.o
                0x08001e60                GPIO_PinAFConfig
 .text.SystemInit
                0x08001ef0       0x5c ..\obj\system_stm32f4xx.o
                0x08001ef0                SystemInit
 .text.SetSysClock
                0x08001f4c       0xf4 ..\obj\system_stm32f4xx.o
 .text._sbrk    0x08002040       0x3c ..\obj\syscalls.o
                0x08002040                _sbrk
 .text.EXTI_DeInit
                0x0800207c       0x34 ..\obj\stm32f4xx_exti.o
                0x0800207c                EXTI_DeInit
 .text.EXTI_Init
                0x080020b0       0xe4 ..\obj\stm32f4xx_exti.o
                0x080020b0                EXTI_Init
 .text.EXTI_GetITStatus
                0x08002194       0x48 ..\obj\stm32f4xx_exti.o
                0x08002194                EXTI_GetITStatus
 .text.EXTI_ClearITPendingBit
                0x080021dc       0x1c ..\obj\stm32f4xx_exti.o
                0x080021dc                EXTI_ClearITPendingBit
 .text.NVIC_Init
                0x080021f8       0xc4 ..\obj\misc.o
                0x080021f8                NVIC_Init
 .text.makeMatrix
                0x080022bc       0x90 ..\obj\matrix.o
                0x080022bc                makeMatrix
 .text.matrix2struct
                0x0800234c       0x7e ..\obj\matrix.o
                0x0800234c                matrix2struct
 .text.elementMatrix
                0x080023ca       0x94 ..\obj\matrix.o
                0x080023ca                elementMatrix
 *fill*         0x0800245e        0x2 
 .text.eyeMatrix
                0x08002460       0xac ..\obj\matrix.o
                0x08002460                eyeMatrix
 .text.transposeMatrix
                0x0800250c       0x8c ..\obj\matrix.o
                0x0800250c                transposeMatrix
 .text.sumMatrix
                0x08002598       0x80 ..\obj\matrix.o
                0x08002598                sumMatrix
 .text.subMatrix
                0x08002618       0x80 ..\obj\matrix.o
                0x08002618                subMatrix
 .text.multiplyMatrix
                0x08002698       0xf6 ..\obj\matrix.o
                0x08002698                multiplyMatrix
 .text.inverse2x2Matrix
                0x0800278e      0x102 ..\obj\matrix.o
                0x0800278e                inverse2x2Matrix
 .text.TIM_TimeBaseInit
                0x08002890       0xd4 ..\obj\stm32f4xx_tim.o
                0x08002890                TIM_TimeBaseInit
 .text.TIM_Cmd  0x08002964       0x3e ..\obj\stm32f4xx_tim.o
                0x08002964                TIM_Cmd
 .text.TIM_ITConfig
                0x080029a2       0x46 ..\obj\stm32f4xx_tim.o
                0x080029a2                TIM_ITConfig
 .text.TIM_GetITStatus
                0x080029e8       0x52 ..\obj\stm32f4xx_tim.o
                0x080029e8                TIM_GetITStatus
 .text.TIM_ClearITPendingBit
                0x08002a3a       0x20 ..\obj\stm32f4xx_tim.o
                0x08002a3a                TIM_ClearITPendingBit
 *fill*         0x08002a5a        0x2 
 .text.pow      0x08002a5c      0x2fc c:/program files (x86)/gnu_tools_arm_embedded/6_2017-q2-update/bin/../lib/gcc/arm-none-eabi/6.3.1/../../../../arm-none-eabi/lib/thumb/v7e-m\libm.a(lib_a-w_pow.o)
                0x08002a5c                pow
 .text.__ieee754_pow
                0x08002d58      0xa8c c:/program files (x86)/gnu_tools_arm_embedded/6_2017-q2-update/bin/../lib/gcc/arm-none-eabi/6.3.1/../../../../arm-none-eabi/lib/thumb/v7e-m\libm.a(lib_a-e_pow.o)
                0x08002d58                __ieee754_pow
 .text.__ieee754_sqrt
                0x080037e4      0x178 c:/program files (x86)/gnu_tools_arm_embedded/6_2017-q2-update/bin/../lib/gcc/arm-none-eabi/6.3.1/../../../../arm-none-eabi/lib/thumb/v7e-m\libm.a(lib_a-e_sqrt.o)
                0x080037e4                __ieee754_sqrt
 .text.fabs     0x0800395c        0x8 c:/program files (x86)/gnu_tools_arm_embedded/6_2017-q2-update/bin/../lib/gcc/arm-none-eabi/6.3.1/../../../../arm-none-eabi/lib/thumb/v7e-m\libm.a(lib_a-s_fabs.o)
                0x0800395c                fabs
 .text.finite   0x08003964        0xc c:/program files (x86)/gnu_tools_arm_embedded/6_2017-q2-update/bin/../lib/gcc/arm-none-eabi/6.3.1/../../../../arm-none-eabi/lib/thumb/v7e-m\libm.a(lib_a-s_finite.o)
                0x08003964                finite
 .text.matherr  0x08003970        0x4 c:/program files (x86)/gnu_tools_arm_embedded/6_2017-q2-update/bin/../lib/gcc/arm-none-eabi/6.3.1/../../../../arm-none-eabi/lib/thumb/v7e-m\libm.a(lib_a-s_matherr.o)
                0x08003970                matherr
 .text.nan      0x08003974        0xc c:/program files (x86)/gnu_tools_arm_embedded/6_2017-q2-update/bin/../lib/gcc/arm-none-eabi/6.3.1/../../../../arm-none-eabi/lib/thumb/v7e-m\libm.a(lib_a-s_nan.o)
                0x08003974                nan
 .text.rint     0x08003980      0x114 c:/program files (x86)/gnu_tools_arm_embedded/6_2017-q2-update/bin/../lib/gcc/arm-none-eabi/6.3.1/../../../../arm-none-eabi/lib/thumb/v7e-m\libm.a(lib_a-s_rint.o)
                0x08003980                rint
 *fill*         0x08003a94        0x4 
 .text.scalbn   0x08003a98       0xfc c:/program files (x86)/gnu_tools_arm_embedded/6_2017-q2-update/bin/../lib/gcc/arm-none-eabi/6.3.1/../../../../arm-none-eabi/lib/thumb/v7e-m\libm.a(lib_a-s_scalbn.o)
                0x08003a98                scalbn
 .text.copysign
                0x08003b94       0x10 c:/program files (x86)/gnu_tools_arm_embedded/6_2017-q2-update/bin/../lib/gcc/arm-none-eabi/6.3.1/../../../../arm-none-eabi/lib/thumb/v7e-m\libm.a(lib_a-s_copysign.o)
                0x08003b94                copysign
 .text          0x08003ba4      0x370 c:/program files (x86)/gnu_tools_arm_embedded/6_2017-q2-update/bin/../lib/gcc/arm-none-eabi/6.3.1/thumb/v7e-m\libgcc.a(_arm_addsubdf3.o)
                0x08003ba4                __aeabi_drsub
                0x08003bac                __aeabi_dsub
                0x08003bac                __subdf3
                0x08003bb0                __aeabi_dadd
                0x08003bb0                __adddf3
                0x08003e28                __floatunsidf
                0x08003e28                __aeabi_ui2d
                0x08003e48                __floatsidf
                0x08003e48                __aeabi_i2d
                0x08003e6c                __aeabi_f2d
                0x08003e6c                __extendsfdf2
                0x08003ea8                __floatundidf
                0x08003ea8                __aeabi_ul2d
                0x08003eb8                __floatdidf
                0x08003eb8                __aeabi_l2d
 .text          0x08003f14      0x424 c:/program files (x86)/gnu_tools_arm_embedded/6_2017-q2-update/bin/../lib/gcc/arm-none-eabi/6.3.1/thumb/v7e-m\libgcc.a(_arm_muldivdf3.o)
                0x08003f14                __aeabi_dmul
                0x08003f14                __muldf3
                0x08004168                __divdf3
                0x08004168                __aeabi_ddiv
 .text          0x08004338      0x110 c:/program files (x86)/gnu_tools_arm_embedded/6_2017-q2-update/bin/../lib/gcc/arm-none-eabi/6.3.1/thumb/v7e-m\libgcc.a(_arm_cmpdf2.o)
                0x08004338                __gtdf2
                0x08004338                __gedf2
                0x08004340                __ltdf2
                0x08004340                __ledf2
                0x08004348                __nedf2
                0x08004348                __eqdf2
                0x08004348                __cmpdf2
                0x080043c4                __aeabi_cdrcmple
                0x080043d4                __aeabi_cdcmpeq
                0x080043d4                __aeabi_cdcmple
                0x080043e4                __aeabi_dcmpeq
                0x080043f8                __aeabi_dcmplt
                0x0800440c                __aeabi_dcmple
                0x08004420                __aeabi_dcmpge
                0x08004434                __aeabi_dcmpgt
 .text          0x08004448       0x2c c:/program files (x86)/gnu_tools_arm_embedded/6_2017-q2-update/bin/../lib/gcc/arm-none-eabi/6.3.1/thumb/v7e-m\libgcc.a(_arm_unorddf2.o)
                0x08004448                __unorddf2
                0x08004448                __aeabi_dcmpun
 .text          0x08004474       0xa0 c:/program files (x86)/gnu_tools_arm_embedded/6_2017-q2-update/bin/../lib/gcc/arm-none-eabi/6.3.1/thumb/v7e-m\libgcc.a(_arm_truncdfsf2.o)
                0x08004474                __truncdfsf2
                0x08004474                __aeabi_d2f
 .text          0x08004514      0x21c c:/program files (x86)/gnu_tools_arm_embedded/6_2017-q2-update/bin/../lib/gcc/arm-none-eabi/6.3.1/thumb/v7e-m\libgcc.a(_arm_addsubsf3.o)
                0x08004514                __aeabi_frsub
                0x0800451c                __subsf3
                0x0800451c                __aeabi_fsub
                0x08004520                __aeabi_fadd
                0x08004520                __addsf3
                0x08004680                __aeabi_ui2f
                0x08004680                __floatunsisf
                0x08004688                __aeabi_i2f
                0x08004688                __floatsisf
                0x080046a4                __aeabi_ul2f
                0x080046a4                __floatundisf
                0x080046b4                __aeabi_l2f
                0x080046b4                __floatdisf
 .text          0x08004730       0x4c c:/program files (x86)/gnu_tools_arm_embedded/6_2017-q2-update/bin/../lib/gcc/arm-none-eabi/6.3.1/thumb/v7e-m\libgcc.a(_arm_fixsfsi.o)
                0x08004730                __aeabi_f2iz
                0x08004730                __fixsfsi
 .text.__errno  0x0800477c        0xc c:/program files (x86)/gnu_tools_arm_embedded/6_2017-q2-update/bin/../lib/gcc/arm-none-eabi/6.3.1/../../../../arm-none-eabi/lib/thumb/v7e-m\libg.a(lib_a-errno.o)
                0x0800477c                __errno
 .text.malloc   0x08004788       0x10 c:/program files (x86)/gnu_tools_arm_embedded/6_2017-q2-update/bin/../lib/gcc/arm-none-eabi/6.3.1/../../../../arm-none-eabi/lib/thumb/v7e-m\libg.a(lib_a-malloc.o)
                0x08004788                malloc
 .text._malloc_r
                0x08004798      0x560 c:/program files (x86)/gnu_tools_arm_embedded/6_2017-q2-update/bin/../lib/gcc/arm-none-eabi/6.3.1/../../../../arm-none-eabi/lib/thumb/v7e-m\libg.a(lib_a-mallocr.o)
                0x08004798                _malloc_r
 .text.memset   0x08004cf8       0x9c c:/program files (x86)/gnu_tools_arm_embedded/6_2017-q2-update/bin/../lib/gcc/arm-none-eabi/6.3.1/../../../../arm-none-eabi/lib/thumb/v7e-m\libg.a(lib_a-memset.o)
                0x08004cf8                memset
 .text.__malloc_lock
                0x08004d94        0xc c:/program files (x86)/gnu_tools_arm_embedded/6_2017-q2-update/bin/../lib/gcc/arm-none-eabi/6.3.1/../../../../arm-none-eabi/lib/thumb/v7e-m\libg.a(lib_a-mlock.o)
                0x08004d94                __malloc_lock
 .text.__malloc_unlock
                0x08004da0        0xc c:/program files (x86)/gnu_tools_arm_embedded/6_2017-q2-update/bin/../lib/gcc/arm-none-eabi/6.3.1/../../../../arm-none-eabi/lib/thumb/v7e-m\libg.a(lib_a-mlock.o)
                0x08004da0                __malloc_unlock
 .text._sbrk_r  0x08004dac       0x24 c:/program files (x86)/gnu_tools_arm_embedded/6_2017-q2-update/bin/../lib/gcc/arm-none-eabi/6.3.1/../../../../arm-none-eabi/lib/thumb/v7e-m\libg.a(lib_a-sbrkr.o)
                0x08004dac                _sbrk_r
 .text._malloc_trim_r
                0x08004dd0       0xa0 c:/program files (x86)/gnu_tools_arm_embedded/6_2017-q2-update/bin/../lib/gcc/arm-none-eabi/6.3.1/../../../../arm-none-eabi/lib/thumb/v7e-m\libg.a(lib_a-freer.o)
                0x08004dd0                _malloc_trim_r
 .text._free_r  0x08004e70      0x1cc c:/program files (x86)/gnu_tools_arm_embedded/6_2017-q2-update/bin/../lib/gcc/arm-none-eabi/6.3.1/../../../../arm-none-eabi/lib/thumb/v7e-m\libg.a(lib_a-freer.o)
                0x08004e70                _free_r
 .text.__retarget_lock_acquire_recursive
                0x0800503c        0x4 c:/program files (x86)/gnu_tools_arm_embedded/6_2017-q2-update/bin/../lib/gcc/arm-none-eabi/6.3.1/../../../../arm-none-eabi/lib/thumb/v7e-m\libg.a(lib_a-lock.o)
                0x0800503c                __retarget_lock_acquire_recursive
 .text.__retarget_lock_release_recursive
                0x08005040        0x4 c:/program files (x86)/gnu_tools_arm_embedded/6_2017-q2-update/bin/../lib/gcc/arm-none-eabi/6.3.1/../../../../arm-none-eabi/lib/thumb/v7e-m\libg.a(lib_a-lock.o)
                0x08005040                __retarget_lock_release_recursive
 *(.init)
 *(.fini)
 *crtbegin.o(.ctors)
 *crtbegin?.o(.ctors)
 *(EXCLUDE_FILE(*crtend.o *crtend?.o) .ctors)
 *(SORT(.ctors.*))
 *(.ctors)
 *crtbegin.o(.dtors)
 *crtbegin?.o(.dtors)
 *(EXCLUDE_FILE(*crtend.o *crtend?.o) .dtors)
 *(SORT(.dtors.*))
 *(.dtors)
 *(.rodata*)
 .rodata        0x08005044       0x39 ..\obj\main.o
 *fill*         0x0800507d        0x3 
 .rodata.pow.str1.4
                0x08005080        0x4 c:/program files (x86)/gnu_tools_arm_embedded/6_2017-q2-update/bin/../lib/gcc/arm-none-eabi/6.3.1/../../../../arm-none-eabi/lib/thumb/v7e-m\libm.a(lib_a-w_pow.o)
 .rodata.__ieee754_pow.str1.4
                0x08005084        0x4 c:/program files (x86)/gnu_tools_arm_embedded/6_2017-q2-update/bin/../lib/gcc/arm-none-eabi/6.3.1/../../../../arm-none-eabi/lib/thumb/v7e-m\libm.a(lib_a-e_pow.o)
                                  0x1 (size before relaxing)
 .rodata.TWO52  0x08005088       0x10 c:/program files (x86)/gnu_tools_arm_embedded/6_2017-q2-update/bin/../lib/gcc/arm-none-eabi/6.3.1/../../../../arm-none-eabi/lib/thumb/v7e-m\libm.a(lib_a-s_rint.o)
 *(.eh_fram e*)

.glue_7         0x08005098        0x0
 .glue_7        0x08005098        0x0 linker stubs

.glue_7t        0x08005098        0x0
 .glue_7t       0x08005098        0x0 linker stubs

.vfp11_veneer   0x08005098        0x0
 .vfp11_veneer  0x08005098        0x0 linker stubs

.v4_bx          0x08005098        0x0
 .v4_bx         0x08005098        0x0 linker stubs

.iplt           0x08005098        0x0
 .iplt          0x08005098        0x0 ..\obj\stm32f4xx_syscfg.o

.rel.dyn        0x08005098        0x0
 .rel.iplt      0x08005098        0x0 ..\obj\stm32f4xx_syscfg.o

.ARM.extab
 *(.ARM.extab* .gnu.linkonce.armextab.*)
                0x08005098                __exidx_start = .

.ARM.exidx
 *(.ARM.exidx* .gnu.linkonce.armexidx.*)
                0x08005098                __exidx_end = .
                0x08005098                __etext = .
                0x08005098                _sidata = __etext

.data           0x20000000      0x8e8 load address 0x08005098
                0x20000000                __data_start__ = .
                0x20000000                _sdata = __data_start__
 *(vtable)
 *(.data*)
 .data          0x20000000       0x98 ..\obj\main.o
                0x20000000                state
                0x20000008                _Phi
                0x20000028                _xp
                0x20000038                _Pp
                0x20000058                _H
                0x20000078                _R
 .data          0x20000098       0x10 ..\obj\stm32f4xx_rcc.o
 .data.__fdlib_version
                0x200000a8        0x1 c:/program files (x86)/gnu_tools_arm_embedded/6_2017-q2-update/bin/../lib/gcc/arm-none-eabi/6.3.1/../../../../arm-none-eabi/lib/thumb/v7e-m\libm.a(lib_a-s_lib_ver.o)
                0x200000a8                __fdlib_version
 *fill*         0x200000a9        0x3 
 .data._impure_ptr
                0x200000ac        0x4 c:/program files (x86)/gnu_tools_arm_embedded/6_2017-q2-update/bin/../lib/gcc/arm-none-eabi/6.3.1/../../../../arm-none-eabi/lib/thumb/v7e-m\libg.a(lib_a-impure.o)
                0x200000ac                _impure_ptr
 .data.impure_data
                0x200000b0      0x428 c:/program files (x86)/gnu_tools_arm_embedded/6_2017-q2-update/bin/../lib/gcc/arm-none-eabi/6.3.1/../../../../arm-none-eabi/lib/thumb/v7e-m\libg.a(lib_a-impure.o)
 .data.__malloc_av_
                0x200004d8      0x408 c:/program files (x86)/gnu_tools_arm_embedded/6_2017-q2-update/bin/../lib/gcc/arm-none-eabi/6.3.1/../../../../arm-none-eabi/lib/thumb/v7e-m\libg.a(lib_a-mallocr.o)
                0x200004d8                __malloc_av_
 .data.__malloc_sbrk_base
                0x200008e0        0x4 c:/program files (x86)/gnu_tools_arm_embedded/6_2017-q2-update/bin/../lib/gcc/arm-none-eabi/6.3.1/../../../../arm-none-eabi/lib/thumb/v7e-m\libg.a(lib_a-mallocr.o)
                0x200008e0                __malloc_sbrk_base
 .data.__malloc_trim_threshold
                0x200008e4        0x4 c:/program files (x86)/gnu_tools_arm_embedded/6_2017-q2-update/bin/../lib/gcc/arm-none-eabi/6.3.1/../../../../arm-none-eabi/lib/thumb/v7e-m\libg.a(lib_a-mallocr.o)
                0x200008e4                __malloc_trim_threshold
                0x200008e8                . = ALIGN (0x4)
                [!provide]                PROVIDE (__preinit_array_start, .)
 *(.preinit_array)
                [!provide]                PROVIDE (__preinit_array_end, .)
                0x200008e8                . = ALIGN (0x4)
                [!provide]                PROVIDE (__init_array_start, .)
 *(SORT(.init_array.*))
 *(.init_array)
                [!provide]                PROVIDE (__init_array_end, .)
                0x200008e8                . = ALIGN (0x4)
                [!provide]                PROVIDE (__fini_array_start, .)
 *(SORT(.fini_array.*))
 *(.fini_array)
                [!provide]                PROVIDE (__fini_array_end, .)
 *(.jcr*)
                0x200008e8                . = ALIGN (0x4)
                0x200008e8                __data_end__ = .
                0x200008e8                _edata = __data_end__

.igot.plt       0x200008e8        0x0 load address 0x08005980
 .igot.plt      0x200008e8        0x0 ..\obj\stm32f4xx_syscfg.o

.bss            0x200008e8      0x1f4 load address 0x08005980
                0x200008e8                . = ALIGN (0x4)
                0x200008e8                __bss_start__ = .
                0x200008e8                _sbss = __bss_start__
 *(.bss*)
 .bss           0x200008e8       0x20 ..\obj\main.o
                0x200008e8                _Q
 .bss           0x20000908        0x4 ..\obj\syscalls.o
 .bss.__malloc_current_mallinfo
                0x2000090c       0x28 c:/program files (x86)/gnu_tools_arm_embedded/6_2017-q2-update/bin/../lib/gcc/arm-none-eabi/6.3.1/../../../../arm-none-eabi/lib/thumb/v7e-m\libg.a(lib_a-mallocr.o)
                0x2000090c                __malloc_current_mallinfo
 .bss.__malloc_max_sbrked_mem
                0x20000934        0x4 c:/program files (x86)/gnu_tools_arm_embedded/6_2017-q2-update/bin/../lib/gcc/arm-none-eabi/6.3.1/../../../../arm-none-eabi/lib/thumb/v7e-m\libg.a(lib_a-mallocr.o)
                0x20000934                __malloc_max_sbrked_mem
 .bss.__malloc_max_total_mem
                0x20000938        0x4 c:/program files (x86)/gnu_tools_arm_embedded/6_2017-q2-update/bin/../lib/gcc/arm-none-eabi/6.3.1/../../../../arm-none-eabi/lib/thumb/v7e-m\libg.a(lib_a-mallocr.o)
                0x20000938                __malloc_max_total_mem
 .bss.__malloc_top_pad
                0x2000093c        0x4 c:/program files (x86)/gnu_tools_arm_embedded/6_2017-q2-update/bin/../lib/gcc/arm-none-eabi/6.3.1/../../../../arm-none-eabi/lib/thumb/v7e-m\libg.a(lib_a-mallocr.o)
                0x2000093c                __malloc_top_pad
 *(COMMON)
 COMMON         0x20000940      0x174 ..\obj\main.o
                0x20000940                yHx
                0x20000944                str_I
                0x20000958                xm1
                0x20000960                IKH
                0x20000964                str_Iread
                0x20000978                V_est
                0x20000980                K
                0x20000988                I_read
                0x20000990                xm2
                0x20000998                Q
                0x2000099c                PhiPpPhit
                0x200009a0                xm
                0x200009a8                Q_est
                0x200009b0                KyHx
                0x200009b4                Ht
                0x200009b8                str_Vread
                0x200009cc                str_Q
                0x200009e0                Pp
                0x200009e4                HPmHtR
                0x200009e8                PmHt
                0x200009ec                inv
                0x200009f0                PhiPp
                0x200009f4                xp
                0x200009f8                HPmHt
                0x20000a00                V_read
                0x20000a08                Pm
                0x20000a0c                ADC_data
                0x20000a10                H
                0x20000a14                y
                0x20000a18                R
                0x20000a1c                KH
                0x20000a20                eye2
                0x20000a24                str
                0x20000a88                Phit
                0x20000a8c                Phi
                0x20000a90                Hx
                0x20000a98                I_est
                0x20000aa0                str_V
 COMMON         0x20000ab4       0x21 c:/program files (x86)/gnu_tools_arm_embedded/6_2017-q2-update/bin/../lib/gcc/arm-none-eabi/6.3.1/../../../../arm-none-eabi/lib/thumb/v7e-m\libg.a(lib_a-lock.o)
                0x20000ab4                __lock___atexit_recursive_mutex
                0x20000ab8                __lock___arc4random_mutex
                0x20000abc                __lock___env_recursive_mutex
                0x20000ac0                __lock___sinit_recursive_mutex
                0x20000ac4                __lock___malloc_recursive_mutex
                0x20000ac8                __lock___at_quick_exit_mutex
                0x20000acc                __lock___dd_hash_mutex
                0x20000ad0                __lock___tz_mutex
                0x20000ad4                __lock___sfp_recursive_mutex
 *fill*         0x20000ad5        0x3 
 COMMON         0x20000ad8        0x4 c:/program files (x86)/gnu_tools_arm_embedded/6_2017-q2-update/bin/../lib/gcc/arm-none-eabi/6.3.1/../../../../arm-none-eabi/lib/thumb/v7e-m\libg.a(lib_a-reent.o)
                0x20000ad8                errno
                0x20000adc                . = ALIGN (0x4)
                0x20000adc                __bss_end__ = .
                0x20000adc                _ebss = __bss_end__

.heap           0x20000adc        0x0
                0x20000adc                __end__ = .
                0x20000adc                _end = __end__
                0x20000adc                end = __end__
 *(.heap*)
                0x20000adc                __HeapLimit = .

.co_stack       0x20000adc      0x804 load address 0x08005b74
                0x20000ae0                . = ALIGN (0x8)
 *fill*         0x20000adc        0x4 
 *(.co_stack .co_stack.*)
 .co_stack      0x20000ae0      0x800 ..\obj\startup_stm32f4xx.o
                0x20000ae0                pulStack
                0x20020000                __StackTop = (ORIGIN (ram) + LENGTH (ram))
                0x2001f7fc                __StackLimit = (__StackTop - SIZEOF (.co_stack))
                [!provide]                PROVIDE (__stack, __StackTop)
                0x00000001                ASSERT ((__StackLimit >= __HeapLimit), region ram  overflowed with stack)
LOAD ..\obj\stm32f4xx_syscfg.o
LOAD ..\obj\stm32f4xx_usart.o
LOAD ..\obj\startup_stm32f4xx.o
LOAD ..\obj\main.o
LOAD ..\obj\FKE.o
LOAD ..\obj\stm32f4xx_rcc.o
LOAD ..\obj\stm32f4xx_adc.o
LOAD ..\obj\printf.o
LOAD ..\obj\stm32f4xx_gpio.o
LOAD ..\obj\system_stm32f4xx.o
LOAD ..\obj\syscalls.o
LOAD ..\obj\stm32f4xx_exti.o
LOAD ..\obj\misc.o
LOAD ..\obj\matrix.o
LOAD ..\obj\stm32f4xx_tim.o
LOAD c:/program files (x86)/gnu_tools_arm_embedded/6_2017-q2-update/bin/../lib/gcc/arm-none-eabi/6.3.1/../../../../arm-none-eabi/lib/thumb/v7e-m\libm.a
START GROUP
LOAD c:/program files (x86)/gnu_tools_arm_embedded/6_2017-q2-update/bin/../lib/gcc/arm-none-eabi/6.3.1/thumb/v7e-m\libgcc.a
LOAD c:/program files (x86)/gnu_tools_arm_embedded/6_2017-q2-update/bin/../lib/gcc/arm-none-eabi/6.3.1/../../../../arm-none-eabi/lib/thumb/v7e-m\libg.a
LOAD c:/program files (x86)/gnu_tools_arm_embedded/6_2017-q2-update/bin/../lib/gcc/arm-none-eabi/6.3.1/../../../../arm-none-eabi/lib/thumb/v7e-m\libc.a
END GROUP
OUTPUT(FKE_BATTERY.elf elf32-littlearm)

.debug_info     0x00000000     0xaaff
 .debug_info    0x00000000      0x27f ..\obj\stm32f4xx_syscfg.o
 .debug_info    0x0000027f      0x9d1 ..\obj\stm32f4xx_usart.o
 .debug_info    0x00000c50      0x10f ..\obj\startup_stm32f4xx.o
 .debug_info    0x00000d5f     0x11ee ..\obj\main.o
 .debug_info    0x00001f4d     0x15c3 ..\obj\FKE.o
 .debug_info    0x00003510      0xc6e ..\obj\stm32f4xx_rcc.o
 .debug_info    0x0000417e      0xc4b ..\obj\stm32f4xx_adc.o
 .debug_info    0x00004dc9      0xe4d ..\obj\printf.o
 .debug_info    0x00005c16      0x621 ..\obj\stm32f4xx_gpio.o
 .debug_info    0x00006237      0x5cc ..\obj\system_stm32f4xx.o
 .debug_info    0x00006803      0xc94 ..\obj\syscalls.o
 .debug_info    0x00007497      0x362 ..\obj\stm32f4xx_exti.o
 .debug_info    0x000077f9      0x549 ..\obj\misc.o
 .debug_info    0x00007d42     0x114d ..\obj\matrix.o
 .debug_info    0x00008e8f     0x1c70 ..\obj\stm32f4xx_tim.o

.debug_abbrev   0x00000000     0x1b6e
 .debug_abbrev  0x00000000      0x144 ..\obj\stm32f4xx_syscfg.o
 .debug_abbrev  0x00000144      0x180 ..\obj\stm32f4xx_usart.o
 .debug_abbrev  0x000002c4       0xbf ..\obj\startup_stm32f4xx.o
 .debug_abbrev  0x00000383      0x245 ..\obj\main.o
 .debug_abbrev  0x000005c8      0x2b3 ..\obj\FKE.o
 .debug_abbrev  0x0000087b      0x1f6 ..\obj\stm32f4xx_rcc.o
 .debug_abbrev  0x00000a71      0x1a9 ..\obj\stm32f4xx_adc.o
 .debug_abbrev  0x00000c1a      0x274 ..\obj\printf.o
 .debug_abbrev  0x00000e8e      0x1b6 ..\obj\stm32f4xx_gpio.o
 .debug_abbrev  0x00001044      0x156 ..\obj\system_stm32f4xx.o
 .debug_abbrev  0x0000119a      0x20d ..\obj\syscalls.o
 .debug_abbrev  0x000013a7      0x1ba ..\obj\stm32f4xx_exti.o
 .debug_abbrev  0x00001561      0x170 ..\obj\misc.o
 .debug_abbrev  0x000016d1      0x305 ..\obj\matrix.o
 .debug_abbrev  0x000019d6      0x198 ..\obj\stm32f4xx_tim.o

.debug_aranges  0x00000000      0xac8
 .debug_aranges
                0x00000000       0x48 ..\obj\stm32f4xx_syscfg.o
 .debug_aranges
                0x00000048      0x100 ..\obj\stm32f4xx_usart.o
 .debug_aranges
                0x00000148       0x28 ..\obj\startup_stm32f4xx.o
 .debug_aranges
                0x00000170       0x30 ..\obj\main.o
 .debug_aranges
                0x000001a0       0x78 ..\obj\FKE.o
 .debug_aranges
                0x00000218      0x178 ..\obj\stm32f4xx_rcc.o
 .debug_aranges
                0x00000390      0x148 ..\obj\stm32f4xx_adc.o
 .debug_aranges
                0x000004d8       0xa0 ..\obj\printf.o
 .debug_aranges
                0x00000578       0x88 ..\obj\stm32f4xx_gpio.o
 .debug_aranges
                0x00000600       0x30 ..\obj\system_stm32f4xx.o
 .debug_aranges
                0x00000630       0x60 ..\obj\syscalls.o
 .debug_aranges
                0x00000690       0x58 ..\obj\stm32f4xx_exti.o
 .debug_aranges
                0x000006e8       0x40 ..\obj\misc.o
 .debug_aranges
                0x00000728       0xa8 ..\obj\matrix.o
 .debug_aranges
                0x000007d0      0x2f8 ..\obj\stm32f4xx_tim.o

.debug_ranges   0x00000000      0x9d8
 .debug_ranges  0x00000000       0x38 ..\obj\stm32f4xx_syscfg.o
 .debug_ranges  0x00000038       0xf0 ..\obj\stm32f4xx_usart.o
 .debug_ranges  0x00000128       0x18 ..\obj\startup_stm32f4xx.o
 .debug_ranges  0x00000140       0x20 ..\obj\main.o
 .debug_ranges  0x00000160       0x68 ..\obj\FKE.o
 .debug_ranges  0x000001c8      0x168 ..\obj\stm32f4xx_rcc.o
 .debug_ranges  0x00000330      0x138 ..\obj\stm32f4xx_adc.o
 .debug_ranges  0x00000468       0x90 ..\obj\printf.o
 .debug_ranges  0x000004f8       0x78 ..\obj\stm32f4xx_gpio.o
 .debug_ranges  0x00000570       0x20 ..\obj\system_stm32f4xx.o
 .debug_ranges  0x00000590       0x50 ..\obj\syscalls.o
 .debug_ranges  0x000005e0       0x48 ..\obj\stm32f4xx_exti.o
 .debug_ranges  0x00000628       0x30 ..\obj\misc.o
 .debug_ranges  0x00000658       0x98 ..\obj\matrix.o
 .debug_ranges  0x000006f0      0x2e8 ..\obj\stm32f4xx_tim.o

.debug_line     0x00000000     0x3eeb
 .debug_line    0x00000000      0x259 ..\obj\stm32f4xx_syscfg.o
 .debug_line    0x00000259      0x50b ..\obj\stm32f4xx_usart.o
 .debug_line    0x00000764       0xa5 ..\obj\startup_stm32f4xx.o
 .debug_line    0x00000809      0x3d8 ..\obj\main.o
 .debug_line    0x00000be1      0x4c4 ..\obj\FKE.o
 .debug_line    0x000010a5      0x5f7 ..\obj\stm32f4xx_rcc.o
 .debug_line    0x0000169c      0x5af ..\obj\stm32f4xx_adc.o
 .debug_line    0x00001c4b      0x38c ..\obj\printf.o
 .debug_line    0x00001fd7      0x3b2 ..\obj\stm32f4xx_gpio.o
 .debug_line    0x00002389      0x22c ..\obj\system_stm32f4xx.o
 .debug_line    0x000025b5      0x2e4 ..\obj\syscalls.o
 .debug_line    0x00002899      0x2f3 ..\obj\stm32f4xx_exti.o
 .debug_line    0x00002b8c      0x290 ..\obj\misc.o
 .debug_line    0x00002e1c      0x5bc ..\obj\matrix.o
 .debug_line    0x000033d8      0xb13 ..\obj\stm32f4xx_tim.o

.debug_str      0x00000000     0x37b2
 .debug_str     0x00000000      0x2aa ..\obj\stm32f4xx_syscfg.o
                                0x308 (size before relaxing)
 .debug_str     0x000002aa      0x4e5 ..\obj\stm32f4xx_usart.o
                                0x6a3 (size before relaxing)
 .debug_str     0x0000078f       0xc6 ..\obj\startup_stm32f4xx.o
                                0x15d (size before relaxing)
 .debug_str     0x00000855      0x692 ..\obj\main.o
                                0x8d2 (size before relaxing)
 .debug_str     0x00000ee7      0xa0a ..\obj\FKE.o
                               0x1250 (size before relaxing)
 .debug_str     0x000018f1      0x5e7 ..\obj\stm32f4xx_rcc.o
                                0x864 (size before relaxing)
 .debug_str     0x00001ed8      0x54f ..\obj\stm32f4xx_adc.o
                                0x818 (size before relaxing)
 .debug_str     0x00002427      0x110 ..\obj\printf.o
                                0x693 (size before relaxing)
 .debug_str     0x00002537      0x18c ..\obj\stm32f4xx_gpio.o
                                0x4b7 (size before relaxing)
 .debug_str     0x000026c3      0x10c ..\obj\system_stm32f4xx.o
                                0x3ae (size before relaxing)
 .debug_str     0x000027cf      0x188 ..\obj\syscalls.o
                                0x725 (size before relaxing)
 .debug_str     0x00002957       0xea ..\obj\stm32f4xx_exti.o
                                0x36d (size before relaxing)
 .debug_str     0x00002a41      0x14e ..\obj\misc.o
                                0x3e2 (size before relaxing)
 .debug_str     0x00002b8f      0x1b0 ..\obj\matrix.o
                                0x76e (size before relaxing)
 .debug_str     0x00002d3f      0xa73 ..\obj\stm32f4xx_tim.o
                                0xde4 (size before relaxing)

.comment        0x00000000       0x7f
 .comment       0x00000000       0x7f ..\obj\stm32f4xx_syscfg.o
                                 0x80 (size before relaxing)
 .comment       0x0000007f       0x80 ..\obj\stm32f4xx_usart.o
 .comment       0x0000007f       0x80 ..\obj\startup_stm32f4xx.o
 .comment       0x0000007f       0x80 ..\obj\main.o
 .comment       0x0000007f       0x80 ..\obj\FKE.o
 .comment       0x0000007f       0x80 ..\obj\stm32f4xx_rcc.o
 .comment       0x0000007f       0x80 ..\obj\stm32f4xx_adc.o
 .comment       0x0000007f       0x80 ..\obj\printf.o
 .comment       0x0000007f       0x80 ..\obj\stm32f4xx_gpio.o
 .comment       0x0000007f       0x80 ..\obj\system_stm32f4xx.o
 .comment       0x0000007f       0x80 ..\obj\syscalls.o
 .comment       0x0000007f       0x80 ..\obj\stm32f4xx_exti.o
 .comment       0x0000007f       0x80 ..\obj\misc.o
 .comment       0x0000007f       0x80 ..\obj\matrix.o
 .comment       0x0000007f       0x80 ..\obj\stm32f4xx_tim.o

.ARM.attributes
                0x00000000       0x33
 .ARM.attributes
                0x00000000       0x33 ..\obj\stm32f4xx_syscfg.o
 .ARM.attributes
                0x00000033       0x33 ..\obj\stm32f4xx_usart.o
 .ARM.attributes
                0x00000066       0x33 ..\obj\startup_stm32f4xx.o
 .ARM.attributes
                0x00000099       0x33 ..\obj\main.o
 .ARM.attributes
                0x000000cc       0x33 ..\obj\FKE.o
 .ARM.attributes
                0x000000ff       0x33 ..\obj\stm32f4xx_rcc.o
 .ARM.attributes
                0x00000132       0x33 ..\obj\stm32f4xx_adc.o
 .ARM.attributes
                0x00000165       0x33 ..\obj\printf.o
 .ARM.attributes
                0x00000198       0x33 ..\obj\stm32f4xx_gpio.o
 .ARM.attributes
                0x000001cb       0x33 ..\obj\system_stm32f4xx.o
 .ARM.attributes
                0x000001fe       0x33 ..\obj\syscalls.o
 .ARM.attributes
                0x00000231       0x33 ..\obj\stm32f4xx_exti.o
 .ARM.attributes
                0x00000264       0x33 ..\obj\misc.o
 .ARM.attributes
                0x00000297       0x33 ..\obj\matrix.o
 .ARM.attributes
                0x000002ca       0x33 ..\obj\stm32f4xx_tim.o
 .ARM.attributes
                0x000002fd       0x2e c:/program files (x86)/gnu_tools_arm_embedded/6_2017-q2-update/bin/../lib/gcc/arm-none-eabi/6.3.1/../../../../arm-none-eabi/lib/thumb/v7e-m\libm.a(lib_a-w_pow.o)
 .ARM.attributes
                0x0000032b       0x2e c:/program files (x86)/gnu_tools_arm_embedded/6_2017-q2-update/bin/../lib/gcc/arm-none-eabi/6.3.1/../../../../arm-none-eabi/lib/thumb/v7e-m\libm.a(lib_a-e_pow.o)
 .ARM.attributes
                0x00000359       0x2e c:/program files (x86)/gnu_tools_arm_embedded/6_2017-q2-update/bin/../lib/gcc/arm-none-eabi/6.3.1/../../../../arm-none-eabi/lib/thumb/v7e-m\libm.a(lib_a-e_sqrt.o)
 .ARM.attributes
                0x00000387       0x2e c:/program files (x86)/gnu_tools_arm_embedded/6_2017-q2-update/bin/../lib/gcc/arm-none-eabi/6.3.1/../../../../arm-none-eabi/lib/thumb/v7e-m\libm.a(lib_a-s_fabs.o)
 .ARM.attributes
                0x000003b5       0x2e c:/program files (x86)/gnu_tools_arm_embedded/6_2017-q2-update/bin/../lib/gcc/arm-none-eabi/6.3.1/../../../../arm-none-eabi/lib/thumb/v7e-m\libm.a(lib_a-s_finite.o)
 .ARM.attributes
                0x000003e3       0x2e c:/program files (x86)/gnu_tools_arm_embedded/6_2017-q2-update/bin/../lib/gcc/arm-none-eabi/6.3.1/../../../../arm-none-eabi/lib/thumb/v7e-m\libm.a(lib_a-s_lib_ver.o)
 .ARM.attributes
                0x00000411       0x2e c:/program files (x86)/gnu_tools_arm_embedded/6_2017-q2-update/bin/../lib/gcc/arm-none-eabi/6.3.1/../../../../arm-none-eabi/lib/thumb/v7e-m\libm.a(lib_a-s_matherr.o)
 .ARM.attributes
                0x0000043f       0x2e c:/program files (x86)/gnu_tools_arm_embedded/6_2017-q2-update/bin/../lib/gcc/arm-none-eabi/6.3.1/../../../../arm-none-eabi/lib/thumb/v7e-m\libm.a(lib_a-s_nan.o)
 .ARM.attributes
                0x0000046d       0x2e c:/program files (x86)/gnu_tools_arm_embedded/6_2017-q2-update/bin/../lib/gcc/arm-none-eabi/6.3.1/../../../../arm-none-eabi/lib/thumb/v7e-m\libm.a(lib_a-s_rint.o)
 .ARM.attributes
                0x0000049b       0x2e c:/program files (x86)/gnu_tools_arm_embedded/6_2017-q2-update/bin/../lib/gcc/arm-none-eabi/6.3.1/../../../../arm-none-eabi/lib/thumb/v7e-m\libm.a(lib_a-s_scalbn.o)
 .ARM.attributes
                0x000004c9       0x2e c:/program files (x86)/gnu_tools_arm_embedded/6_2017-q2-update/bin/../lib/gcc/arm-none-eabi/6.3.1/../../../../arm-none-eabi/lib/thumb/v7e-m\libm.a(lib_a-s_copysign.o)
 .ARM.attributes
                0x000004f7       0x1e c:/program files (x86)/gnu_tools_arm_embedded/6_2017-q2-update/bin/../lib/gcc/arm-none-eabi/6.3.1/thumb/v7e-m\libgcc.a(_arm_addsubdf3.o)
 .ARM.attributes
                0x00000515       0x1e c:/program files (x86)/gnu_tools_arm_embedded/6_2017-q2-update/bin/../lib/gcc/arm-none-eabi/6.3.1/thumb/v7e-m\libgcc.a(_arm_muldivdf3.o)
 .ARM.attributes
                0x00000533       0x1e c:/program files (x86)/gnu_tools_arm_embedded/6_2017-q2-update/bin/../lib/gcc/arm-none-eabi/6.3.1/thumb/v7e-m\libgcc.a(_arm_cmpdf2.o)
 .ARM.attributes
                0x00000551       0x1e c:/program files (x86)/gnu_tools_arm_embedded/6_2017-q2-update/bin/../lib/gcc/arm-none-eabi/6.3.1/thumb/v7e-m\libgcc.a(_arm_unorddf2.o)
 .ARM.attributes
                0x0000056f       0x1e c:/program files (x86)/gnu_tools_arm_embedded/6_2017-q2-update/bin/../lib/gcc/arm-none-eabi/6.3.1/thumb/v7e-m\libgcc.a(_arm_truncdfsf2.o)
 .ARM.attributes
                0x0000058d       0x1e c:/program files (x86)/gnu_tools_arm_embedded/6_2017-q2-update/bin/../lib/gcc/arm-none-eabi/6.3.1/thumb/v7e-m\libgcc.a(_arm_addsubsf3.o)
 .ARM.attributes
                0x000005ab       0x1e c:/program files (x86)/gnu_tools_arm_embedded/6_2017-q2-update/bin/../lib/gcc/arm-none-eabi/6.3.1/thumb/v7e-m\libgcc.a(_arm_fixsfsi.o)
 .ARM.attributes
                0x000005c9       0x2e c:/program files (x86)/gnu_tools_arm_embedded/6_2017-q2-update/bin/../lib/gcc/arm-none-eabi/6.3.1/../../../../arm-none-eabi/lib/thumb/v7e-m\libg.a(lib_a-errno.o)
 .ARM.attributes
                0x000005f7       0x2e c:/program files (x86)/gnu_tools_arm_embedded/6_2017-q2-update/bin/../lib/gcc/arm-none-eabi/6.3.1/../../../../arm-none-eabi/lib/thumb/v7e-m\libg.a(lib_a-impure.o)
 .ARM.attributes
                0x00000625       0x2e c:/program files (x86)/gnu_tools_arm_embedded/6_2017-q2-update/bin/../lib/gcc/arm-none-eabi/6.3.1/../../../../arm-none-eabi/lib/thumb/v7e-m\libg.a(lib_a-malloc.o)
 .ARM.attributes
                0x00000653       0x2e c:/program files (x86)/gnu_tools_arm_embedded/6_2017-q2-update/bin/../lib/gcc/arm-none-eabi/6.3.1/../../../../arm-none-eabi/lib/thumb/v7e-m\libg.a(lib_a-mallocr.o)
 .ARM.attributes
                0x00000681       0x2e c:/program files (x86)/gnu_tools_arm_embedded/6_2017-q2-update/bin/../lib/gcc/arm-none-eabi/6.3.1/../../../../arm-none-eabi/lib/thumb/v7e-m\libg.a(lib_a-memset.o)
 .ARM.attributes
                0x000006af       0x2e c:/program files (x86)/gnu_tools_arm_embedded/6_2017-q2-update/bin/../lib/gcc/arm-none-eabi/6.3.1/../../../../arm-none-eabi/lib/thumb/v7e-m\libg.a(lib_a-mlock.o)
 .ARM.attributes
                0x000006dd       0x2e c:/program files (x86)/gnu_tools_arm_embedded/6_2017-q2-update/bin/../lib/gcc/arm-none-eabi/6.3.1/../../../../arm-none-eabi/lib/thumb/v7e-m\libg.a(lib_a-sbrkr.o)
 .ARM.attributes
                0x0000070b       0x2e c:/program files (x86)/gnu_tools_arm_embedded/6_2017-q2-update/bin/../lib/gcc/arm-none-eabi/6.3.1/../../../../arm-none-eabi/lib/thumb/v7e-m\libg.a(lib_a-freer.o)
 .ARM.attributes
                0x00000739       0x2e c:/program files (x86)/gnu_tools_arm_embedded/6_2017-q2-update/bin/../lib/gcc/arm-none-eabi/6.3.1/../../../../arm-none-eabi/lib/thumb/v7e-m\libg.a(lib_a-lock.o)
 .ARM.attributes
                0x00000767       0x2e c:/program files (x86)/gnu_tools_arm_embedded/6_2017-q2-update/bin/../lib/gcc/arm-none-eabi/6.3.1/../../../../arm-none-eabi/lib/thumb/v7e-m\libg.a(lib_a-reent.o)

.debug_frame    0x00000000     0x363c
 .debug_frame   0x00000000       0xf4 ..\obj\stm32f4xx_syscfg.o
 .debug_frame   0x000000f4      0x490 ..\obj\stm32f4xx_usart.o
 .debug_frame   0x00000584       0x4c ..\obj\startup_stm32f4xx.o
 .debug_frame   0x000005d0       0x74 ..\obj\main.o
 .debug_frame   0x00000644      0x1c0 ..\obj\FKE.o
 .debug_frame   0x00000804      0x6d4 ..\obj\stm32f4xx_rcc.o
 .debug_frame   0x00000ed8      0x5ec ..\obj\stm32f4xx_adc.o
 .debug_frame   0x000014c4      0x2dc ..\obj\printf.o
 .debug_frame   0x000017a0      0x23c ..\obj\stm32f4xx_gpio.o
 .debug_frame   0x000019dc       0x7c ..\obj\system_stm32f4xx.o
 .debug_frame   0x00001a58      0x168 ..\obj\syscalls.o
 .debug_frame   0x00001bc0      0x148 ..\obj\stm32f4xx_exti.o
 .debug_frame   0x00001d08       0xd8 ..\obj\misc.o
 .debug_frame   0x00001de0      0x2f4 ..\obj\matrix.o
 .debug_frame   0x000020d4      0xe54 ..\obj\stm32f4xx_tim.o
 .debug_frame   0x00002f28       0x48 c:/program files (x86)/gnu_tools_arm_embedded/6_2017-q2-update/bin/../lib/gcc/arm-none-eabi/6.3.1/../../../../arm-none-eabi/lib/thumb/v7e-m\libm.a(lib_a-w_pow.o)
 .debug_frame   0x00002f70       0x64 c:/program files (x86)/gnu_tools_arm_embedded/6_2017-q2-update/bin/../lib/gcc/arm-none-eabi/6.3.1/../../../../arm-none-eabi/lib/thumb/v7e-m\libm.a(lib_a-e_pow.o)
 .debug_frame   0x00002fd4       0x34 c:/program files (x86)/gnu_tools_arm_embedded/6_2017-q2-update/bin/../lib/gcc/arm-none-eabi/6.3.1/../../../../arm-none-eabi/lib/thumb/v7e-m\libm.a(lib_a-e_sqrt.o)
 .debug_frame   0x00003008       0x20 c:/program files (x86)/gnu_tools_arm_embedded/6_2017-q2-update/bin/../lib/gcc/arm-none-eabi/6.3.1/../../../../arm-none-eabi/lib/thumb/v7e-m\libm.a(lib_a-s_fabs.o)
 .debug_frame   0x00003028       0x20 c:/program files (x86)/gnu_tools_arm_embedded/6_2017-q2-update/bin/../lib/gcc/arm-none-eabi/6.3.1/../../../../arm-none-eabi/lib/thumb/v7e-m\libm.a(lib_a-s_finite.o)
 .debug_frame   0x00003048       0x20 c:/program files (x86)/gnu_tools_arm_embedded/6_2017-q2-update/bin/../lib/gcc/arm-none-eabi/6.3.1/../../../../arm-none-eabi/lib/thumb/v7e-m\libm.a(lib_a-s_matherr.o)
 .debug_frame   0x00003068       0x20 c:/program files (x86)/gnu_tools_arm_embedded/6_2017-q2-update/bin/../lib/gcc/arm-none-eabi/6.3.1/../../../../arm-none-eabi/lib/thumb/v7e-m\libm.a(lib_a-s_nan.o)
 .debug_frame   0x00003088       0x3c c:/program files (x86)/gnu_tools_arm_embedded/6_2017-q2-update/bin/../lib/gcc/arm-none-eabi/6.3.1/../../../../arm-none-eabi/lib/thumb/v7e-m\libm.a(lib_a-s_rint.o)
 .debug_frame   0x000030c4       0x30 c:/program files (x86)/gnu_tools_arm_embedded/6_2017-q2-update/bin/../lib/gcc/arm-none-eabi/6.3.1/../../../../arm-none-eabi/lib/thumb/v7e-m\libm.a(lib_a-s_scalbn.o)
 .debug_frame   0x000030f4       0x20 c:/program files (x86)/gnu_tools_arm_embedded/6_2017-q2-update/bin/../lib/gcc/arm-none-eabi/6.3.1/../../../../arm-none-eabi/lib/thumb/v7e-m\libm.a(lib_a-s_copysign.o)
 .debug_frame   0x00003114       0xac c:/program files (x86)/gnu_tools_arm_embedded/6_2017-q2-update/bin/../lib/gcc/arm-none-eabi/6.3.1/thumb/v7e-m\libgcc.a(_arm_addsubdf3.o)
 .debug_frame   0x000031c0       0x50 c:/program files (x86)/gnu_tools_arm_embedded/6_2017-q2-update/bin/../lib/gcc/arm-none-eabi/6.3.1/thumb/v7e-m\libgcc.a(_arm_muldivdf3.o)
 .debug_frame   0x00003210       0xc4 c:/program files (x86)/gnu_tools_arm_embedded/6_2017-q2-update/bin/../lib/gcc/arm-none-eabi/6.3.1/thumb/v7e-m\libgcc.a(_arm_cmpdf2.o)
 .debug_frame   0x000032d4       0x20 c:/program files (x86)/gnu_tools_arm_embedded/6_2017-q2-update/bin/../lib/gcc/arm-none-eabi/6.3.1/thumb/v7e-m\libgcc.a(_arm_unorddf2.o)
 .debug_frame   0x000032f4       0x24 c:/program files (x86)/gnu_tools_arm_embedded/6_2017-q2-update/bin/../lib/gcc/arm-none-eabi/6.3.1/thumb/v7e-m\libgcc.a(_arm_truncdfsf2.o)
 .debug_frame   0x00003318       0x4c c:/program files (x86)/gnu_tools_arm_embedded/6_2017-q2-update/bin/../lib/gcc/arm-none-eabi/6.3.1/thumb/v7e-m\libgcc.a(_arm_addsubsf3.o)
 .debug_frame   0x00003364       0x24 c:/program files (x86)/gnu_tools_arm_embedded/6_2017-q2-update/bin/../lib/gcc/arm-none-eabi/6.3.1/thumb/v7e-m\libgcc.a(_arm_fixsfsi.o)
 .debug_frame   0x00003388       0x20 c:/program files (x86)/gnu_tools_arm_embedded/6_2017-q2-update/bin/../lib/gcc/arm-none-eabi/6.3.1/../../../../arm-none-eabi/lib/thumb/v7e-m\libg.a(lib_a-errno.o)
 .debug_frame   0x000033a8       0x30 c:/program files (x86)/gnu_tools_arm_embedded/6_2017-q2-update/bin/../lib/gcc/arm-none-eabi/6.3.1/../../../../arm-none-eabi/lib/thumb/v7e-m\libg.a(lib_a-malloc.o)
 .debug_frame   0x000033d8       0x58 c:/program files (x86)/gnu_tools_arm_embedded/6_2017-q2-update/bin/../lib/gcc/arm-none-eabi/6.3.1/../../../../arm-none-eabi/lib/thumb/v7e-m\libg.a(lib_a-mallocr.o)
 .debug_frame   0x00003430       0x34 c:/program files (x86)/gnu_tools_arm_embedded/6_2017-q2-update/bin/../lib/gcc/arm-none-eabi/6.3.1/../../../../arm-none-eabi/lib/thumb/v7e-m\libg.a(lib_a-memset.o)
 .debug_frame   0x00003464       0x30 c:/program files (x86)/gnu_tools_arm_embedded/6_2017-q2-update/bin/../lib/gcc/arm-none-eabi/6.3.1/../../../../arm-none-eabi/lib/thumb/v7e-m\libg.a(lib_a-mlock.o)
 .debug_frame   0x00003494       0x2c c:/program files (x86)/gnu_tools_arm_embedded/6_2017-q2-update/bin/../lib/gcc/arm-none-eabi/6.3.1/../../../../arm-none-eabi/lib/thumb/v7e-m\libg.a(lib_a-sbrkr.o)
 .debug_frame   0x000034c0       0x74 c:/program files (x86)/gnu_tools_arm_embedded/6_2017-q2-update/bin/../lib/gcc/arm-none-eabi/6.3.1/../../../../arm-none-eabi/lib/thumb/v7e-m\libg.a(lib_a-freer.o)
 .debug_frame   0x00003534       0xb0 c:/program files (x86)/gnu_tools_arm_embedded/6_2017-q2-update/bin/../lib/gcc/arm-none-eabi/6.3.1/../../../../arm-none-eabi/lib/thumb/v7e-m\libg.a(lib_a-lock.o)
 .debug_frame   0x000035e4       0x58 c:/program files (x86)/gnu_tools_arm_embedded/6_2017-q2-update/bin/../lib/gcc/arm-none-eabi/6.3.1/../../../../arm-none-eabi/lib/thumb/v7e-m\libg.a(lib_a-reent.o)
